---Top 5 conssuming processes:     PID CMD                         %MEM %CPU
   1557 sshd: marian@pts/0           0.1  0.7
    881 /usr/lib/snapd/snapd         0.9  0.1
   1537 /usr/bin/gnome-shell         6.0  0.1
   4599 [kworker/1:0-mm_percpu_wq]   0.0  0.1
---System uptime is: 14:46:25 up  4:51,  2 users,  load average: 0.00, 0.02, 0.00---
---Used memory :                total        used        free      shared  buff/cache   available
Mem:            3915         909        1476          12        1823        3006
Swap:           3914           0        3914
---Disk usage: Filesystem      Size  Used Avail Use% Mounted on
tmpfs           392M  1.5M  391M   1% /run
/dev/sda2        25G   11G   14G  44% /
tmpfs           2.0G     0  2.0G   0% /dev/shm
tmpfs           5.0M  8.0K  5.0M   1% /run/lock
tmpfs           392M   92K  392M   1% /run/user/120
tmpfs           392M   80K  392M   1% /run/user/1000
---Top 5 conssuming processes:     PID CMD                         %MEM %CPU
   1557 sshd: marian@pts/0           0.1  0.7
    881 /usr/lib/snapd/snapd         0.9  0.1
   1537 /usr/bin/gnome-shell         6.0  0.1
   4599 [kworker/1:0-events]         0.0  0.1
---System uptime is: 14:49:45 up  4:54,  2 users,  load average: 0.00, 0.00, 0.00---

---Used memory :                total        used        free      shared  buff/cache   available
Mem:            3915         916        1469          12        1823        2999
Swap:           3914           0        3914

---Disk usage: Filesystem      Size  Used Avail Use% Mounted on
tmpfs           392M  1.5M  391M   1% /run
/dev/sda2        25G   11G   14G  44% /
tmpfs           2.0G     0  2.0G   0% /dev/shm
tmpfs           5.0M  8.0K  5.0M   1% /run/lock
tmpfs           392M   92K  392M   1% /run/user/120
tmpfs           392M   80K  392M   1% /run/user/1000

---Top 5 conssuming processes:     PID CMD                         %MEM %CPU
   1557 sshd: marian@pts/0           0.1  0.7
    881 /usr/lib/snapd/snapd         0.9  0.1
   1537 /usr/bin/gnome-shell         6.0  0.1
   4599 [kworker/1:0-events]         0.0  0.1
